// Jest Snapshot v1, https://goo.gl/fbAQLP

exports[`Button renders correctly 1`] = `
<div
  class="sc-eCApnc fBsDrg"
>
  <button
    class="sc-dlnjwi YTVoL"
  >
    Text
  </button>
</div>
`;
