// Jest Snapshot v1, https://goo.gl/fbAQLP

exports[`Toolbar renders correctly 1`] = `
<div
  class="sc-fzokOt kWHFmJ"
>
  <div
    class="sc-AxhUy dkmwYZ"
  >
    <button
      class="sc-AxiKw jvXzBz"
    >
      1
    </button>
  </div>
  <div
    class="sc-fzqBZW bdkKty"
  />
  <div
    class="sc-fzqNJr jGNKLq"
  />
  <div
    class="sc-AxhUy dkmwYZ"
  >
    <button
      class="sc-AxiKw jvXzBz"
    >
      2
    </button>
  </div>
</div>
`;

exports[`Toolbar renders with props 1`] = `
<div
  class="sc-fzokOt hoHbQE"
/>
`;
